c:\cosmicdecayrepo\cosmicdecay\cosmic-decay\cosmic-decay\x64\debug\vc143.pdb
c:\cosmicdecayrepo\cosmicdecay\cosmic-decay\cosmic-decay\x64\debug\vc143.idb
c:\cosmicdecayrepo\cosmicdecay\cosmic-decay\cosmic-decay\x64\debug\zachability.obj
c:\cosmicdecayrepo\cosmicdecay\cosmic-decay\cosmic-decay\x64\debug\update.obj
c:\cosmicdecayrepo\cosmicdecay\cosmic-decay\cosmic-decay\x64\debug\textureholder.obj
c:\cosmicdecayrepo\cosmicdecay\cosmic-decay\cosmic-decay\x64\debug\szymonability.obj
c:\cosmicdecayrepo\cosmicdecay\cosmic-decay\cosmic-decay\x64\debug\stdafx.obj
c:\cosmicdecayrepo\cosmicdecay\cosmic-decay\cosmic-decay\x64\debug\player.obj
c:\cosmicdecayrepo\cosmicdecay\cosmic-decay\cosmic-decay\x64\debug\playablecharacter.obj
c:\cosmicdecayrepo\cosmicdecay\cosmic-decay\cosmic-decay\x64\debug\matthewability.obj
c:\cosmicdecayrepo\cosmicdecay\cosmic-decay\cosmic-decay\x64\debug\main.obj
c:\cosmicdecayrepo\cosmicdecay\cosmic-decay\cosmic-decay\x64\debug\loadlevel.obj
c:\cosmicdecayrepo\cosmicdecay\cosmic-decay\cosmic-decay\x64\debug\levelmanager.obj
c:\cosmicdecayrepo\cosmicdecay\cosmic-decay\cosmic-decay\x64\debug\input.obj
c:\cosmicdecayrepo\cosmicdecay\cosmic-decay\cosmic-decay\x64\debug\engine.obj
c:\cosmicdecayrepo\cosmicdecay\cosmic-decay\cosmic-decay\x64\debug\enemy.obj
c:\cosmicdecayrepo\cosmicdecay\cosmic-decay\cosmic-decay\x64\debug\draw.obj
c:\cosmicdecayrepo\cosmicdecay\cosmic-decay\cosmic-decay\x64\debug\dots.obj
c:\cosmicdecayrepo\cosmicdecay\cosmic-decay\cosmic-decay\x64\debug\detectcollisions.obj
c:\cosmicdecayrepo\cosmicdecay\cosmic-decay\cosmic-decay\x64\debug\coreyability.obj
c:\cosmicdecayrepo\cosmicdecay\cosmic-decay\cosmic-decay\x64\debug\healthpickup.obj
c:\cosmicdecayrepo\cosmicdecay\cosmic-decay\cosmic-decay\x64\debug\fuses.obj
c:\cosmicdecayrepo\cosmicdecay\cosmic-decay\cosmic-decay\x64\debug\bullet.obj
c:\cosmicdecayrepo\cosmicdecay\cosmic-decay\cosmic-decay\x64\debug\arm.obj
c:\cosmicdecayrepo\cosmicdecay\cosmic-decay\cosmic-decay\x64\debug\ammopickup.obj
c:\cosmicdecayrepo\cosmicdecay\cosmic-decay\cosmic-decay\x64\debug\hud.obj
c:\cosmicdecayrepo\cosmicdecay\cosmic-decay\x64\debug\cosmic-decay.exe
c:\cosmicdecayrepo\cosmicdecay\cosmic-decay\x64\debug\cosmic-decay.pdb
c:\cosmicdecayrepo\cosmicdecay\cosmic-decay\cosmic-decay\x64\debug\cosmic-decay.ilk
c:\cosmicdecayrepo\cosmicdecay\cosmic-decay\cosmic-decay\x64\debug\cosmic-decay.tlog\cl.command.1.tlog
c:\cosmicdecayrepo\cosmicdecay\cosmic-decay\cosmic-decay\x64\debug\cosmic-decay.tlog\cl.items.tlog
c:\cosmicdecayrepo\cosmicdecay\cosmic-decay\cosmic-decay\x64\debug\cosmic-decay.tlog\cl.read.1.tlog
c:\cosmicdecayrepo\cosmicdecay\cosmic-decay\cosmic-decay\x64\debug\cosmic-decay.tlog\cl.write.1.tlog
c:\cosmicdecayrepo\cosmicdecay\cosmic-decay\cosmic-decay\x64\debug\cosmic-decay.tlog\link.command.1.tlog
c:\cosmicdecayrepo\cosmicdecay\cosmic-decay\cosmic-decay\x64\debug\cosmic-decay.tlog\link.read.1.tlog
c:\cosmicdecayrepo\cosmicdecay\cosmic-decay\cosmic-decay\x64\debug\cosmic-decay.tlog\link.secondary.1.tlog
c:\cosmicdecayrepo\cosmicdecay\cosmic-decay\cosmic-decay\x64\debug\cosmic-decay.tlog\link.write.1.tlog
