  Update.cpp
C:\CosmicDecayRepo\CosmicDecay\Cosmic-Decay\Cosmic-Decay\code\PlayableCharacter.h(5,10): warning C4067: unexpected tokens following preprocessor directive - expected a newline
  (compiling source file 'code/Update.cpp')
  
C:\CosmicDecayRepo\CosmicDecay\Cosmic-Decay\Cosmic-Decay\code\Update.cpp(30,44): warning C4244: 'argument': conversion from 'const int' to 'float', possible loss of data
C:\CosmicDecayRepo\CosmicDecay\Cosmic-Decay\Cosmic-Decay\code\Update.cpp(31,44): warning C4244: 'argument': conversion from 'const int' to 'float', possible loss of data
C:\CosmicDecayRepo\CosmicDecay\Cosmic-Decay\Cosmic-Decay\code\Update.cpp(32,44): warning C4244: 'argument': conversion from 'const int' to 'float', possible loss of data
C:\CosmicDecayRepo\CosmicDecay\Cosmic-Decay\Cosmic-Decay\code\Update.cpp(124,12): warning C4244: 'initializing': conversion from 'T' to 'int', possible loss of data
C:\CosmicDecayRepo\CosmicDecay\Cosmic-Decay\Cosmic-Decay\code\Update.cpp(124,12): warning C4244:         with
C:\CosmicDecayRepo\CosmicDecay\Cosmic-Decay\Cosmic-Decay\code\Update.cpp(124,12): warning C4244:         [
C:\CosmicDecayRepo\CosmicDecay\Cosmic-Decay\Cosmic-Decay\code\Update.cpp(124,12): warning C4244:             T=float
C:\CosmicDecayRepo\CosmicDecay\Cosmic-Decay\Cosmic-Decay\code\Update.cpp(124,12): warning C4244:         ]
C:\CosmicDecayRepo\CosmicDecay\Cosmic-Decay\Cosmic-Decay\code\Update.cpp(125,12): warning C4244: 'initializing': conversion from 'T' to 'int', possible loss of data
C:\CosmicDecayRepo\CosmicDecay\Cosmic-Decay\Cosmic-Decay\code\Update.cpp(125,12): warning C4244:         with
C:\CosmicDecayRepo\CosmicDecay\Cosmic-Decay\Cosmic-Decay\code\Update.cpp(125,12): warning C4244:         [
C:\CosmicDecayRepo\CosmicDecay\Cosmic-Decay\Cosmic-Decay\code\Update.cpp(125,12): warning C4244:             T=float
C:\CosmicDecayRepo\CosmicDecay\Cosmic-Decay\Cosmic-Decay\code\Update.cpp(125,12): warning C4244:         ]
C:\CosmicDecayRepo\CosmicDecay\Cosmic-Decay\Cosmic-Decay\code\Update.cpp(126,12): warning C4244: 'initializing': conversion from 'T' to 'int', possible loss of data
C:\CosmicDecayRepo\CosmicDecay\Cosmic-Decay\Cosmic-Decay\code\Update.cpp(126,12): warning C4244:         with
C:\CosmicDecayRepo\CosmicDecay\Cosmic-Decay\Cosmic-Decay\code\Update.cpp(126,12): warning C4244:         [
C:\CosmicDecayRepo\CosmicDecay\Cosmic-Decay\Cosmic-Decay\code\Update.cpp(126,12): warning C4244:             T=float
C:\CosmicDecayRepo\CosmicDecay\Cosmic-Decay\Cosmic-Decay\code\Update.cpp(126,12): warning C4244:         ]
C:\CosmicDecayRepo\CosmicDecay\Cosmic-Decay\Cosmic-Decay\code\Update.cpp(127,12): warning C4244: 'initializing': conversion from 'T' to 'int', possible loss of data
C:\CosmicDecayRepo\CosmicDecay\Cosmic-Decay\Cosmic-Decay\code\Update.cpp(127,12): warning C4244:         with
C:\CosmicDecayRepo\CosmicDecay\Cosmic-Decay\Cosmic-Decay\code\Update.cpp(127,12): warning C4244:         [
C:\CosmicDecayRepo\CosmicDecay\Cosmic-Decay\Cosmic-Decay\code\Update.cpp(127,12): warning C4244:             T=float
C:\CosmicDecayRepo\CosmicDecay\Cosmic-Decay\Cosmic-Decay\code\Update.cpp(127,12): warning C4244:         ]
C:\CosmicDecayRepo\CosmicDecay\Cosmic-Decay\Cosmic-Decay\code\Update.cpp(163,12): warning C4244: 'initializing': conversion from 'T' to 'int', possible loss of data
C:\CosmicDecayRepo\CosmicDecay\Cosmic-Decay\Cosmic-Decay\code\Update.cpp(163,12): warning C4244:         with
C:\CosmicDecayRepo\CosmicDecay\Cosmic-Decay\Cosmic-Decay\code\Update.cpp(163,12): warning C4244:         [
C:\CosmicDecayRepo\CosmicDecay\Cosmic-Decay\Cosmic-Decay\code\Update.cpp(163,12): warning C4244:             T=float
C:\CosmicDecayRepo\CosmicDecay\Cosmic-Decay\Cosmic-Decay\code\Update.cpp(163,12): warning C4244:         ]
C:\CosmicDecayRepo\CosmicDecay\Cosmic-Decay\Cosmic-Decay\code\Update.cpp(164,12): warning C4244: 'initializing': conversion from 'T' to 'int', possible loss of data
C:\CosmicDecayRepo\CosmicDecay\Cosmic-Decay\Cosmic-Decay\code\Update.cpp(164,12): warning C4244:         with
C:\CosmicDecayRepo\CosmicDecay\Cosmic-Decay\Cosmic-Decay\code\Update.cpp(164,12): warning C4244:         [
C:\CosmicDecayRepo\CosmicDecay\Cosmic-Decay\Cosmic-Decay\code\Update.cpp(164,12): warning C4244:             T=float
C:\CosmicDecayRepo\CosmicDecay\Cosmic-Decay\Cosmic-Decay\code\Update.cpp(164,12): warning C4244:         ]
C:\CosmicDecayRepo\CosmicDecay\Cosmic-Decay\Cosmic-Decay\code\Update.cpp(165,12): warning C4244: 'initializing': conversion from 'T' to 'int', possible loss of data
C:\CosmicDecayRepo\CosmicDecay\Cosmic-Decay\Cosmic-Decay\code\Update.cpp(165,12): warning C4244:         with
C:\CosmicDecayRepo\CosmicDecay\Cosmic-Decay\Cosmic-Decay\code\Update.cpp(165,12): warning C4244:         [
C:\CosmicDecayRepo\CosmicDecay\Cosmic-Decay\Cosmic-Decay\code\Update.cpp(165,12): warning C4244:             T=float
C:\CosmicDecayRepo\CosmicDecay\Cosmic-Decay\Cosmic-Decay\code\Update.cpp(165,12): warning C4244:         ]
C:\CosmicDecayRepo\CosmicDecay\Cosmic-Decay\Cosmic-Decay\code\Update.cpp(166,12): warning C4244: 'initializing': conversion from 'T' to 'int', possible loss of data
C:\CosmicDecayRepo\CosmicDecay\Cosmic-Decay\Cosmic-Decay\code\Update.cpp(166,12): warning C4244:         with
C:\CosmicDecayRepo\CosmicDecay\Cosmic-Decay\Cosmic-Decay\code\Update.cpp(166,12): warning C4244:         [
C:\CosmicDecayRepo\CosmicDecay\Cosmic-Decay\Cosmic-Decay\code\Update.cpp(166,12): warning C4244:             T=float
C:\CosmicDecayRepo\CosmicDecay\Cosmic-Decay\Cosmic-Decay\code\Update.cpp(166,12): warning C4244:         ]
C:\CosmicDecayRepo\CosmicDecay\Cosmic-Decay\Cosmic-Decay\code\Update.cpp(211,12): warning C4244: 'initializing': conversion from 'T' to 'int', possible loss of data
C:\CosmicDecayRepo\CosmicDecay\Cosmic-Decay\Cosmic-Decay\code\Update.cpp(211,12): warning C4244:         with
C:\CosmicDecayRepo\CosmicDecay\Cosmic-Decay\Cosmic-Decay\code\Update.cpp(211,12): warning C4244:         [
C:\CosmicDecayRepo\CosmicDecay\Cosmic-Decay\Cosmic-Decay\code\Update.cpp(211,12): warning C4244:             T=float
C:\CosmicDecayRepo\CosmicDecay\Cosmic-Decay\Cosmic-Decay\code\Update.cpp(211,12): warning C4244:         ]
C:\CosmicDecayRepo\CosmicDecay\Cosmic-Decay\Cosmic-Decay\code\Update.cpp(212,12): warning C4244: 'initializing': conversion from 'T' to 'int', possible loss of data
C:\CosmicDecayRepo\CosmicDecay\Cosmic-Decay\Cosmic-Decay\code\Update.cpp(212,12): warning C4244:         with
C:\CosmicDecayRepo\CosmicDecay\Cosmic-Decay\Cosmic-Decay\code\Update.cpp(212,12): warning C4244:         [
C:\CosmicDecayRepo\CosmicDecay\Cosmic-Decay\Cosmic-Decay\code\Update.cpp(212,12): warning C4244:             T=float
C:\CosmicDecayRepo\CosmicDecay\Cosmic-Decay\Cosmic-Decay\code\Update.cpp(212,12): warning C4244:         ]
C:\CosmicDecayRepo\CosmicDecay\Cosmic-Decay\Cosmic-Decay\code\Update.cpp(213,12): warning C4244: 'initializing': conversion from 'T' to 'int', possible loss of data
C:\CosmicDecayRepo\CosmicDecay\Cosmic-Decay\Cosmic-Decay\code\Update.cpp(213,12): warning C4244:         with
C:\CosmicDecayRepo\CosmicDecay\Cosmic-Decay\Cosmic-Decay\code\Update.cpp(213,12): warning C4244:         [
C:\CosmicDecayRepo\CosmicDecay\Cosmic-Decay\Cosmic-Decay\code\Update.cpp(213,12): warning C4244:             T=float
C:\CosmicDecayRepo\CosmicDecay\Cosmic-Decay\Cosmic-Decay\code\Update.cpp(213,12): warning C4244:         ]
C:\CosmicDecayRepo\CosmicDecay\Cosmic-Decay\Cosmic-Decay\code\Update.cpp(214,12): warning C4244: 'initializing': conversion from 'T' to 'int', possible loss of data
C:\CosmicDecayRepo\CosmicDecay\Cosmic-Decay\Cosmic-Decay\code\Update.cpp(214,12): warning C4244:         with
C:\CosmicDecayRepo\CosmicDecay\Cosmic-Decay\Cosmic-Decay\code\Update.cpp(214,12): warning C4244:         [
C:\CosmicDecayRepo\CosmicDecay\Cosmic-Decay\Cosmic-Decay\code\Update.cpp(214,12): warning C4244:             T=float
C:\CosmicDecayRepo\CosmicDecay\Cosmic-Decay\Cosmic-Decay\code\Update.cpp(214,12): warning C4244:         ]
  Cosmic-Decay.vcxproj -> C:\CosmicDecayRepo\CosmicDecay\Cosmic-Decay\x64\Debug\Cosmic-Decay.exe
